// Jest Snapshot v1, https://goo.gl/fbAQLP

exports[`TickerBox renders correctly 1`] = `
<div
  className="TickerWindow"
>
  <div
    className="TickerHeader"
  />
  <div>
     
    <select
      onChange={[Function]}
    >
      <option
        value="EURUSD"
      >
        EUR/USD
      </option>
      <option
        value="GBPUSD"
      >
        GBP/USD
      </option>
      <option
        value="CHFUSD"
      >
        CHF/USD
      </option>
    </select>
  </div>
  <div
    className="PriceBoxContainer"
  >
    <div
      className="PriceBox bid"
      onClick={[Function]}
    >
      <div
        className="PriceBoxHeader floatLeft"
      >
        EURUSD
      </div>
      <div
        className="PriceBoxHeader floatRight"
      >
        1.23
      </div>
      <div
        className="PriceBoxBody"
      >
        <span
          className="mediumPrice"
        >
           
          45
        </span>
         
        <span
          className="smallPrice"
        >
          6
        </span>
      </div>
    </div>
  </div>
  <div
    className="PriceBoxContainer"
  >
    <div
      className="PriceBox ask"
      onClick={[Function]}
    >
      <div
        className="PriceBoxHeader floatRight"
      >
        EURUSD
      </div>
      <div
        className="PriceBoxHeader floatLeft"
      >
        1.23
      </div>
      <div
        className="PriceBoxBody"
      >
        <span
          className="mediumPrice"
        >
           
          45
        </span>
         
        <span
          className="smallPrice"
        >
          6
        </span>
      </div>
    </div>
  </div>
  <div>
    <input
      id="lot"
      onChange={[Function]}
      type="number"
      value={5}
    />
  </div>
</div>
`;
